id, name, description, image, category, price
1, 掛け布団, ふかふか, /images/1.jpg, 掛け布団, 9999
2, 掛け布団　花柄, ふっかふっか, /images/2.jpg, 掛け布団, 88888
3, 掛け布団　白, ふっかふっか　もふもふ, /images/3.jpg, 掛け布団, 7777
4, 掛け布団　ストライプ, ふっかふっか　もふもふ　心地よい肌ざわり, /images/4.jpg, 掛け布団, 6666

