id, name, description, image, category, price
8, 布団カバー　ピンク, ピンク花柄。, /images/8.jpg, 布団カバー, 7800
9, 布団カバー　cool, 冷たさ長持ち。抗菌防臭加工・制菌加工付きでいつでも清潔。, /images/9.jpg, 布団カバー, 7777
